------------------------------------------------------------
TimeQuest Timing Analyzer Summary
------------------------------------------------------------

Type  : Slow Model Setup 'PushButton_Debouncer:debounceit0|PB_state'
Slack : -16.592
TNS   : -16917.804

Type  : Slow Model Setup 'Processor:aProcessor|reg_32b:IR|Q[0]'
Slack : -11.074
TNS   : -59.854

Type  : Slow Model Setup 'clk_27'
Slack : -9.960
TNS   : -432.860

Type  : Slow Model Hold 'Processor:aProcessor|reg_32b:IR|Q[0]'
Slack : -9.968
TNS   : -7591.786

Type  : Slow Model Hold 'clk_27'
Slack : -2.486
TNS   : -23.494

Type  : Slow Model Hold 'PushButton_Debouncer:debounceit0|PB_state'
Slack : -0.861
TNS   : -7.696

Type  : Slow Model Minimum Pulse Width 'Processor:aProcessor|reg_32b:IR|Q[0]'
Slack : -7.180
TNS   : -21952.684

Type  : Slow Model Minimum Pulse Width 'PushButton_Debouncer:debounceit0|PB_state'
Slack : -1.627
TNS   : -1813.100

Type  : Slow Model Minimum Pulse Width 'clk_27'
Slack : -1.423
TNS   : -166.528

Type  : Fast Model Setup 'PushButton_Debouncer:debounceit0|PB_state'
Slack : -7.087
TNS   : -7039.589

Type  : Fast Model Setup 'Processor:aProcessor|reg_32b:IR|Q[0]'
Slack : -4.784
TNS   : -23.939

Type  : Fast Model Setup 'clk_27'
Slack : -3.818
TNS   : -146.780

Type  : Fast Model Hold 'Processor:aProcessor|reg_32b:IR|Q[0]'
Slack : -4.519
TNS   : -2499.818

Type  : Fast Model Hold 'clk_27'
Slack : -1.536
TNS   : -17.595

Type  : Fast Model Hold 'PushButton_Debouncer:debounceit0|PB_state'
Slack : -0.725
TNS   : -15.732

Type  : Fast Model Minimum Pulse Width 'Processor:aProcessor|reg_32b:IR|Q[0]'
Slack : -2.978
TNS   : -4285.208

Type  : Fast Model Minimum Pulse Width 'PushButton_Debouncer:debounceit0|PB_state'
Slack : -1.627
TNS   : -1813.100

Type  : Fast Model Minimum Pulse Width 'clk_27'
Slack : -1.423
TNS   : -166.528

------------------------------------------------------------
