------------------------------------------------------------
TimeQuest Timing Analyzer Summary
------------------------------------------------------------

Type  : Slow Model Setup 'PushButton_Debouncer:debounceit0|PB_state'
Slack : -16.246
TNS   : -16686.585

Type  : Slow Model Setup 'Processor:aProcessor|reg_32b:IR|Q[0]'
Slack : -11.014
TNS   : -85.311

Type  : Slow Model Setup 'clk_27'
Slack : -9.712
TNS   : -424.750

Type  : Slow Model Setup 'Processor:aProcessor|ControlSignalGenerator:CSG|ClockCounter:StageGenerator|ClockCount[0]'
Slack : -2.406
TNS   : -632.983

Type  : Slow Model Hold 'Processor:aProcessor|reg_32b:IR|Q[0]'
Slack : -8.507
TNS   : -8916.597

Type  : Slow Model Hold 'Processor:aProcessor|ControlSignalGenerator:CSG|ClockCounter:StageGenerator|ClockCount[0]'
Slack : -5.091
TNS   : -4784.488

Type  : Slow Model Hold 'clk_27'
Slack : -2.500
TNS   : -22.180

Type  : Slow Model Hold 'PushButton_Debouncer:debounceit0|PB_state'
Slack : -0.499
TNS   : -5.378

Type  : Slow Model Minimum Pulse Width 'Processor:aProcessor|reg_32b:IR|Q[0]'
Slack : -7.116
TNS   : -31372.914

Type  : Slow Model Minimum Pulse Width 'PushButton_Debouncer:debounceit0|PB_state'
Slack : -1.627
TNS   : -1813.100

Type  : Slow Model Minimum Pulse Width 'clk_27'
Slack : -1.423
TNS   : -166.528

Type  : Slow Model Minimum Pulse Width 'Processor:aProcessor|ControlSignalGenerator:CSG|ClockCounter:StageGenerator|ClockCount[0]'
Slack : -1.242
TNS   : -13463.366

Type  : Fast Model Setup 'PushButton_Debouncer:debounceit0|PB_state'
Slack : -6.608
TNS   : -6737.825

Type  : Fast Model Setup 'Processor:aProcessor|reg_32b:IR|Q[0]'
Slack : -4.641
TNS   : -48.026

Type  : Fast Model Setup 'clk_27'
Slack : -3.576
TNS   : -138.445

Type  : Fast Model Setup 'Processor:aProcessor|ControlSignalGenerator:CSG|ClockCounter:StageGenerator|ClockCount[0]'
Slack : -1.228
TNS   : -408.219

Type  : Fast Model Hold 'Processor:aProcessor|reg_32b:IR|Q[0]'
Slack : -3.777
TNS   : -3286.093

Type  : Fast Model Hold 'Processor:aProcessor|ControlSignalGenerator:CSG|ClockCounter:StageGenerator|ClockCount[0]'
Slack : -2.199
TNS   : -1384.038

Type  : Fast Model Hold 'clk_27'
Slack : -1.546
TNS   : -22.088

Type  : Fast Model Hold 'PushButton_Debouncer:debounceit0|PB_state'
Slack : -0.485
TNS   : -6.256

Type  : Fast Model Minimum Pulse Width 'Processor:aProcessor|reg_32b:IR|Q[0]'
Slack : -2.862
TNS   : -9270.406

Type  : Fast Model Minimum Pulse Width 'PushButton_Debouncer:debounceit0|PB_state'
Slack : -1.627
TNS   : -1813.100

Type  : Fast Model Minimum Pulse Width 'clk_27'
Slack : -1.423
TNS   : -166.528

Type  : Fast Model Minimum Pulse Width 'Processor:aProcessor|ControlSignalGenerator:CSG|ClockCounter:StageGenerator|ClockCount[0]'
Slack : -0.240
TNS   : -2043.360

------------------------------------------------------------
