------------------------------------------------------------
TimeQuest Timing Analyzer Summary
------------------------------------------------------------

Type  : Slow Model Setup 'clk_27'
Slack : -2.164
TNS   : -122.196

Type  : Slow Model Setup 'PushButton_Debouncer:debounceit0|PB_state'
Slack : -1.558
TNS   : -1.558

Type  : Slow Model Hold 'clk_27'
Slack : -2.486
TNS   : -25.062

Type  : Slow Model Hold 'PushButton_Debouncer:debounceit0|PB_state'
Slack : 2.328
TNS   : 0.000

Type  : Slow Model Minimum Pulse Width 'clk_27'
Slack : -1.423
TNS   : -152.298

Type  : Slow Model Minimum Pulse Width 'PushButton_Debouncer:debounceit0|PB_state'
Slack : -0.500
TNS   : -1.000

Type  : Fast Model Setup 'clk_27'
Slack : -0.979
TNS   : -32.935

Type  : Fast Model Setup 'PushButton_Debouncer:debounceit0|PB_state'
Slack : -0.522
TNS   : -0.522

Type  : Fast Model Hold 'clk_27'
Slack : -1.536
TNS   : -18.064

Type  : Fast Model Hold 'PushButton_Debouncer:debounceit0|PB_state'
Slack : 1.402
TNS   : 0.000

Type  : Fast Model Minimum Pulse Width 'clk_27'
Slack : -1.423
TNS   : -152.298

Type  : Fast Model Minimum Pulse Width 'PushButton_Debouncer:debounceit0|PB_state'
Slack : -0.500
TNS   : -1.000

------------------------------------------------------------
