------------------------------------------------------------
TimeQuest Timing Analyzer Summary
------------------------------------------------------------

Type  : Slow Model Setup 'PushButton_Debouncer:debounceit0|PB_state'
Slack : -2.949
TNS   : -401.822

Type  : Slow Model Setup 'clk_27'
Slack : -2.164
TNS   : -132.397

Type  : Slow Model Hold 'clk_27'
Slack : -2.502
TNS   : -22.870

Type  : Slow Model Hold 'PushButton_Debouncer:debounceit0|PB_state'
Slack : 0.342
TNS   : 0.000

Type  : Slow Model Minimum Pulse Width 'clk_27'
Slack : -1.423
TNS   : -166.528

Type  : Slow Model Minimum Pulse Width 'PushButton_Debouncer:debounceit0|PB_state'
Slack : -0.500
TNS   : -259.000

Type  : Fast Model Setup 'clk_27'
Slack : -0.979
TNS   : -35.062

Type  : Fast Model Setup 'PushButton_Debouncer:debounceit0|PB_state'
Slack : -0.899
TNS   : -79.593

Type  : Fast Model Hold 'clk_27'
Slack : -1.549
TNS   : -17.085

Type  : Fast Model Hold 'PushButton_Debouncer:debounceit0|PB_state'
Slack : 0.215
TNS   : 0.000

Type  : Fast Model Minimum Pulse Width 'clk_27'
Slack : -1.423
TNS   : -166.528

Type  : Fast Model Minimum Pulse Width 'PushButton_Debouncer:debounceit0|PB_state'
Slack : -0.500
TNS   : -259.000

------------------------------------------------------------
