------------------------------------------------------------
TimeQuest Timing Analyzer Summary
------------------------------------------------------------

Type  : Slow Model Setup 'PushButton_Debouncer:debounceit0|PB_state'
Slack : -16.415
TNS   : -16214.305

Type  : Slow Model Setup 'clk_27'
Slack : -11.912
TNS   : -508.360

Type  : Slow Model Setup 'Processor:aProcessor|reg_32b:IR|Q[0]'
Slack : -6.631
TNS   : -72.636

Type  : Slow Model Hold 'Processor:aProcessor|reg_32b:IR|Q[0]'
Slack : -10.901
TNS   : -7048.926

Type  : Slow Model Hold 'clk_27'
Slack : -2.488
TNS   : -21.880

Type  : Slow Model Hold 'PushButton_Debouncer:debounceit0|PB_state'
Slack : -1.180
TNS   : -14.127

Type  : Slow Model Minimum Pulse Width 'Processor:aProcessor|reg_32b:IR|Q[0]'
Slack : -6.727
TNS   : -23595.228

Type  : Slow Model Minimum Pulse Width 'PushButton_Debouncer:debounceit0|PB_state'
Slack : -1.627
TNS   : -1810.100

Type  : Slow Model Minimum Pulse Width 'clk_27'
Slack : -1.423
TNS   : -166.528

Type  : Fast Model Setup 'PushButton_Debouncer:debounceit0|PB_state'
Slack : -6.939
TNS   : -6504.981

Type  : Fast Model Setup 'clk_27'
Slack : -4.599
TNS   : -176.955

Type  : Fast Model Setup 'Processor:aProcessor|reg_32b:IR|Q[0]'
Slack : -2.885
TNS   : -45.197

Type  : Fast Model Hold 'Processor:aProcessor|reg_32b:IR|Q[0]'
Slack : -4.746
TNS   : -2329.019

Type  : Fast Model Hold 'clk_27'
Slack : -1.538
TNS   : -16.578

Type  : Fast Model Hold 'PushButton_Debouncer:debounceit0|PB_state'
Slack : -0.842
TNS   : -17.860

Type  : Fast Model Minimum Pulse Width 'Processor:aProcessor|reg_32b:IR|Q[0]'
Slack : -2.699
TNS   : -5404.172

Type  : Fast Model Minimum Pulse Width 'PushButton_Debouncer:debounceit0|PB_state'
Slack : -1.627
TNS   : -1810.100

Type  : Fast Model Minimum Pulse Width 'clk_27'
Slack : -1.423
TNS   : -166.528

------------------------------------------------------------
